<?xml version="1.0" encoding="UTF-8"?>
<testng-results ignored="0" total="4" passed="4" failed="0" skipped="0">
  <reporter-output>
  </reporter-output>
  <suite started-at="2023-12-21T01:29:11 IST" name="Gradle suite" finished-at="2023-12-21T01:29:27 IST" duration-ms="15323">
    <groups>
      <group name="API">
        <method signature="testCase_API_01.API_01()[pri:0, instance:qtriptest.APITests.testCase_API_01@4d5650ae]" name="API_01" class="qtriptest.APITests.testCase_API_01"/>
        <method signature="testCase_API_02.API_02()[pri:0, instance:qtriptest.APITests.testCase_API_02@25641d39]" name="API_02" class="qtriptest.APITests.testCase_API_02"/>
        <method signature="testCase_API_03.API_03()[pri:0, instance:qtriptest.APITests.testCase_API_03@7b36aa0c]" name="API_03" class="qtriptest.APITests.testCase_API_03"/>
        <method signature="testCase_API_04.API_04()[pri:0, instance:qtriptest.APITests.testCase_API_04@5824a83d]" name="API_04" class="qtriptest.APITests.testCase_API_04"/>
      </group> <!-- API -->
    </groups>
    <test started-at="2023-12-21T01:29:11 IST" name="Gradle test" finished-at="2023-12-21T01:29:27 IST" duration-ms="15323">
      <class name="qtriptest.APITests.testCase_API_01">
        <test-method signature="API_01()[pri:0, instance:qtriptest.APITests.testCase_API_01@4d5650ae]" started-at="2023-12-21T01:29:11 IST" name="API_01" finished-at="2023-12-21T01:29:19 IST" duration-ms="7468" status="PASS">
          <reporter-output>
          </reporter-output>
        </test-method> <!-- API_01 -->
      </class> <!-- qtriptest.APITests.testCase_API_01 -->
      <class name="qtriptest.APITests.testCase_API_02">
        <test-method signature="API_02()[pri:0, instance:qtriptest.APITests.testCase_API_02@25641d39]" started-at="2023-12-21T01:29:19 IST" name="API_02" finished-at="2023-12-21T01:29:20 IST" duration-ms="1101" status="PASS">
          <reporter-output>
          </reporter-output>
        </test-method> <!-- API_02 -->
      </class> <!-- qtriptest.APITests.testCase_API_02 -->
      <class name="qtriptest.APITests.testCase_API_03">
        <test-method signature="API_03()[pri:0, instance:qtriptest.APITests.testCase_API_03@7b36aa0c]" started-at="2023-12-21T01:29:20 IST" name="API_03" finished-at="2023-12-21T01:29:24 IST" duration-ms="4436" status="PASS">
          <reporter-output>
          </reporter-output>
        </test-method> <!-- API_03 -->
      </class> <!-- qtriptest.APITests.testCase_API_03 -->
      <class name="qtriptest.APITests.testCase_API_04">
        <test-method signature="API_04()[pri:0, instance:qtriptest.APITests.testCase_API_04@5824a83d]" started-at="2023-12-21T01:29:24 IST" name="API_04" finished-at="2023-12-21T01:29:27 IST" duration-ms="2154" status="PASS">
          <reporter-output>
          </reporter-output>
        </test-method> <!-- API_04 -->
      </class> <!-- qtriptest.APITests.testCase_API_04 -->
    </test> <!-- Gradle test -->
  </suite> <!-- Gradle suite -->
</testng-results>
